Microchip MPLAB XC8 Compiler V2.05 ()

Linker command line:

-W-3 --edf=C:\Program Files (x86)\Microchip\xc8\v2.05\pic\dat\en_msgs.txt \
  -cs -h+dist/default/production\ComunicacaoBraco.X.production.sym \
  --cmf=dist/default/production\ComunicacaoBraco.X.production.cmf -z \
  -Q18F4520 -oC:\Users\RAZAGO~1\AppData\Local\Temp\scb8.2 \
  --defsym=__MPLAB_BUILD=1 \
  -Mdist/default/production/ComunicacaoBraco.X.production.map -E1 -ver=XC8 \
  --acfsm=1493 -ASTACK=080h-05FFh -pstack=STACK -ACODE=00h-066Fh \
  -ACONST=00h-066Fh -ASMALLCONST=0600h-066Fh -AMEDIUMCONST=0600h-066Fh \
  -ACOMRAM=01h-07Fh -AABS1=00h-05FFh -ABIGRAM=01h-05FFh \
  -ARAM=080h-0FFh,0100h-01FFhx5 -ABANK0=080h-0FFh -ABANK1=0100h-01FFh \
  -ABANK2=0200h-02FFh -ABANK3=0300h-03FFh -ABANK4=0400h-04FFh \
  -ABANK5=0500h-05FFh -ASFR=0F80h-0FFFh \
  -preset_vec=00h,intcode=08h,intcodelo,powerup,init -pramtop=0600h \
  -psmallconst=SMALLCONST -pmediumconst=MEDIUMCONST -pconst=CONST \
  -AFARRAM=00h-00h -ACONFIG=0300000h-030000Dh -pconfig=CONFIG \
  -AIDLOC=0200000h-0200007h -pidloc=IDLOC -AEEDATA=0F00000h-0F000FFh \
  -peeprom_data=EEDATA \
  -prdata=COMRAM,nvrram=COMRAM,nvbit=COMRAM,rbss=COMRAM,rbit=COMRAM \
  -pfarbss=FARRAM,fardata=FARRAM,nvFARRAM=FARRAM \
  -pintsave_regs=BIGRAM,bigbss=BIGRAM,bigdata=BIGRAM -pbss=RAM \
  -pidata=CODE,irdata=CODE,ibigdata=CODE,ifardata=CODE -prparam=COMRAM \
  C:\Users\RAZAGO~1\AppData\Local\Temp\scb8.o \
  dist/default/production\ComunicacaoBraco.X.production.o 

Object code version is 3.11

Machine type is 18F4520

Call graph: (short form)




                Name                               Link     Load   Length Selector   Space Scale
C:\Users\RAZAGO~1\AppData\Local\Temp\scb8.o
                init                                  E        E        4        4       0
                reset_vec                             0        0        4        0       0
                idloc                            200000   200000        8   200000       0
                config                           300000   300000        E   300000       0
dist/default/production\ComunicacaoBraco.X.production.o
                intcode                               8        8        6        4       0
                temp                                 2E       2E        1        1       1
                text7                               2AE      2AE       1E        4       0
                intcode_body                        2CC      2CC       1A        4       0
                text5                               2F2      2F2        8        4       0
                text4                               290      290       1E        4       0
                text3                               11A      11A       CC        4       0
                text2                                12       12      108        4       0
                text1                               234      234       32        4       0
                text0                               1E6      1E6       4E        4       0
                cstackCOMRAM                          1        1       1F        1       1
                dataCOMRAM                           20       20        C        1       1
                cinit                               266      266       2A        4       0
                nvCOMRAM                             2C       2C        2        1       1
                idataCOMRAM                         2E6      2E6        C        4       0

TOTAL           Name                               Link     Load   Length     Space
        CLASS   STACK          

        CLASS   CODE           
                intcode                               8        8        6         0
                init                                  E        E        4         0
                reset_vec                             0        0        4         0
                text7                               2AE      2AE       1E         0
                intcode_body                        2CC      2CC       1A         0
                text5                               2F2      2F2        8         0
                text4                               290      290       1E         0
                text3                               11A      11A       CC         0
                text2                                12       12      108         0
                text1                               234      234       32         0
                text0                               1E6      1E6       4E         0
                cinit                               266      266       2A         0
                idataCOMRAM                         2E6      2E6        C         0

        CLASS   CONST          

        CLASS   SMALLCONST     

        CLASS   MEDIUMCONST    

        CLASS   COMRAM         
                temp                                 2E       2E        1         1
                cstackCOMRAM                          1        1       1F         1
                dataCOMRAM                           20       20        C         1
                nvCOMRAM                             2C       2C        2         1

        CLASS   ABS1           

        CLASS   BIGRAM         

        CLASS   RAM            

        CLASS   BANK0          

        CLASS   BANK1          

        CLASS   BANK2          

        CLASS   BANK3          

        CLASS   BANK4          

        CLASS   BANK5          

        CLASS   SFR            

        CLASS   FARRAM         

        CLASS   CONFIG         
                config                           300000   300000        E         0

        CLASS   IDLOC          
                idloc                            200000   200000        8         0

        CLASS   EEDATA         



SEGMENTS        Name                           Load    Length   Top    Selector   Space  Class

                reset_vec                      000000  000004  000004         0       0  CODE    
                cstackCOMRAM                   000001  00002E  00002F         1       1  COMRAM  
                intcode                        000008  0002F2  0002FA         4       0  CODE    
                idloc                          200000  000008  200008    200000       0  IDLOC   
                config                         300000  00000E  30000E    300000       0  CONFIG  


UNUSED ADDRESS RANGES

        Name                Unused          Largest block    Delta
        BANK0            000080-0000FF               80
        BANK1            000100-0001FF              100
        BANK2            000200-0002FF              100
        BANK3            000300-0003FF              100
        BANK4            000400-0004FF              100
        BANK5            000500-0005FF              100
        BIGRAM           00002F-0005FF              5D1
        CODE             000004-000007                4
                         0002FA-00066F              376
        COMRAM           00002F-00007F               51
        CONST            000004-000007                4
                         0002FA-00066F              376
        EEDATA           F00000-F000FF              100
        MEDIUMCONST      000600-00066F               70
        RAM              000080-0005FF              100
        SFR              000F80-000FFF               80
        SMALLCONST       000600-00066F               70
        STACK            000080-0005FF              580

                                  Symbol Table

?___aldiv                 cstackCOMRAM 000004
UART_Init@baudrate        cstackCOMRAM 000012
UART_Read@retorno         cstackCOMRAM 000004
_ADCON1                   (abs)        000FC1
_BRGH                     (abs)        007D62
_CREN                     (abs)        007D5C
_INTCONbits               (abs)        000FF2
_PORTBbits                (abs)        000F81
_PORTCbits                (abs)        000F82
_PORTD                    (abs)        000F83
_RCIF                     (abs)        007CF5
_RCREG                    (abs)        000FAE
_SPBRG                    (abs)        000FAF
_SPEN                     (abs)        007D5F
_SYNC                     (abs)        007D64
_TRISB                    (abs)        000F93
_TRISC6                   (abs)        007CA6
_TRISC7                   (abs)        007CA7
_TRISCbits                (abs)        000F94
_TRISD                    (abs)        000F95
_TXEN                     (abs)        007D65
_UART_Data_Ready          text5        0002F2
_UART_Init                text2        000012
_UART_Read                text4        000290
__HRAM                    (abs)        000000
__Habs1                   abs1         000000
__Hbank0                  bank0        000000
__Hbank1                  bank1        000000
__Hbank2                  bank2        000000
__Hbank3                  bank3        000000
__Hbank4                  bank4        000000
__Hbank5                  bank5        000000
__Hbigbss                 bigbss       000000
__Hbigdata                bigdata      000000
__Hbigram                 bigram       000000
__Hbss                    bss          000000
__Hcinit                  cinit        000000
__Hclrtext                clrtext      000000
__Hcomram                 comram       000000
__Hconfig                 config       30000E
__Hconst                  const        000000
__HcstackCOMRAM           cstackCOMRAM 000000
__Hdata                   data         000000
__HdataCOMRAM             dataCOMRAM   000000
__Heeprom_data            eeprom_data  000000
__Hfarbss                 farbss       000000
__Hfardata                fardata      000000
__Hibigdata               ibigdata     000000
__Hidata                  idata        000000
__HidataCOMRAM            idataCOMRAM  000000
__Hidloc                  idloc        200008
__Hifardata               ifardata     000000
__Hinit                   init         000012
__Hintcode                intcode      00000E
__Hintcode_body           intcode_body 000000
__Hintcodelo              intcodelo    00000E
__Hintentry               intentry     000000
__Hintret                 intret       000000
__Hintsave_regs           intsave_regs 000000
__Hirdata                 irdata       000000
__Hmediumconst            mediumconst  000000
__HnvCOMRAM               nvCOMRAM     000000
__HnvFARRAM               nvFARRAM     000000
__Hnvbit                  nvbit        000000
__Hnvrram                 nvrram       000000
__Hparam                  rparam       000000
__Hpowerup                powerup      00000E
__Hram                    ram          000000
__Hramtop                 ramtop       000600
__Hrbit                   rbit         000000
__Hrbss                   rbss         000000
__Hrdata                  rdata        000000
__Hreset_vec              reset_vec    000004
__Hrparam                 rparam       000000
__Hsfr                    sfr          000000
__Hsmallconst             smallconst   000000
__Hspace_0                (abs)        30000E
__Hspace_1                (abs)        00002F
__Hspace_2                (abs)        000000
__Hstack                  stack        000000
__Hstruct                 struct       000000
__Htemp                   temp         00002F
__Htext                   text         000000
__Htext0                  text0        000000
__Htext1                  text1        000000
__Htext2                  text2        000000
__Htext3                  text3        000000
__Htext4                  text4        000000
__Htext5                  text5        000000
__Htext7                  text7        000000
__LRAM                    (abs)        000001
__Labs1                   abs1         000000
__Lbank0                  bank0        000000
__Lbank1                  bank1        000000
__Lbank2                  bank2        000000
__Lbank3                  bank3        000000
__Lbank4                  bank4        000000
__Lbank5                  bank5        000000
__Lbigbss                 bigbss       000000
__Lbigdata                bigdata      000000
__Lbigram                 bigram       000000
__Lbss                    bss          000000
__Lcinit                  cinit        000000
__Lclrtext                clrtext      000000
__Lcomram                 comram       000000
__Lconfig                 config       300000
__Lconst                  const        000000
__LcstackCOMRAM           cstackCOMRAM 000000
__Ldata                   data         000000
__LdataCOMRAM             dataCOMRAM   000000
__Leeprom_data            eeprom_data  000000
__Lfarbss                 farbss       000000
__Lfardata                fardata      000000
__Libigdata               ibigdata     000000
__Lidata                  idata        000000
__LidataCOMRAM            idataCOMRAM  000000
__Lidloc                  idloc        200000
__Lifardata               ifardata     000000
__Linit                   init         00000E
__Lintcode                intcode      000008
__Lintcode_body           intcode_body 000000
__Lintcodelo              intcodelo    00000E
__Lintentry               intentry     000000
__Lintret                 intret       000000
__Lintsave_regs           intsave_regs 000000
__Lirdata                 irdata       000000
__Lmediumconst            mediumconst  000000
__LnvCOMRAM               nvCOMRAM     000000
__LnvFARRAM               nvFARRAM     000000
__Lnvbit                  nvbit        000000
__Lnvrram                 nvrram       000000
__Lparam                  rparam       000000
__Lpowerup                powerup      00000E
__Lram                    ram          000000
__Lramtop                 ramtop       000600
__Lrbit                   rbit         000000
__Lrbss                   rbss         000000
__Lrdata                  rdata        000000
__Lreset_vec              reset_vec    000000
__Lrparam                 rparam       000000
__Lsfr                    sfr          000000
__Lsmallconst             smallconst   000000
__Lspace_0                (abs)        000000
__Lspace_1                (abs)        000000
__Lspace_2                (abs)        000000
__Lstack                  stack        000000
__Lstruct                 struct       000000
__Ltemp                   temp         00002E
__Ltext                   text         000000
__Ltext0                  text0        000000
__Ltext1                  text1        000000
__Ltext2                  text2        000000
__Ltext3                  text3        000000
__Ltext4                  text4        000000
__Ltext5                  text5        000000
__Ltext7                  text7        000000
__S0                      (abs)        30000E
__S1                      (abs)        00002F
__S2                      (abs)        000000
___aldiv                  text3        00011A
___aldiv@counter          cstackCOMRAM 00000C
___aldiv@dividend         cstackCOMRAM 000004
___aldiv@divisor          cstackCOMRAM 000008
___aldiv@quotient         cstackCOMRAM 00000E
___aldiv@sign             cstackCOMRAM 00000D
___inthi_sp               stack        000000
___intlo_sp               stack        000000
___param_bank             (abs)        000000
___rparam_used            (abs)        000001
___sp                     stack        000000
__accesstop               (abs)        000080
__activetblptr            (abs)        000000
__end_of_UART_Data_Ready  text5        0002FA
__end_of_UART_Init        text2        00011A
__end_of_UART_Read        text4        0002AE
__end_of___aldiv          text3        0001E6
__end_of__initialization  cinit        000286
__end_of_configuracao     text1        000266
__end_of_main             text0        000234
__end_of_tratamento       intcode_body 0002E6
__end_ofi2_UART_Read      text7        0002CC
__initialization          cinit        000266
__mediumconst             mediumconst  000000
__pcinit                  cinit        000266
__pcstackCOMRAM           cstackCOMRAM 000001
__pdataCOMRAM             dataCOMRAM   000020
__pidataCOMRAM            idataCOMRAM  0002E6
__pintcode                intcode      000008
__pintcode_body           intcode_body 0002CC
__pnvCOMRAM               nvCOMRAM     00002C
__ptext0                  text0        0001E6
__ptext1                  text1        000234
__ptext2                  text2        000012
__ptext3                  text3        00011A
__ptext4                  text4        000290
__ptext5                  text5        0002F2
__ptext7                  text7        0002AE
__ramtop                  ramtop       000600
__size_of_UART_Data_Ready (abs)        000000
__size_of_UART_Init       (abs)        000000
__size_of_UART_Read       (abs)        000000
__size_of___aldiv         (abs)        000000
__size_of_configuracao    (abs)        000000
__size_of_main            (abs)        000000
__size_of_tratamento      (abs)        000000
__size_ofi2_UART_Read     (abs)        000000
__smallconst              smallconst   000000
_configuracao             text1        000234
_main                     text0        0001E6
_numeros                  dataCOMRAM   000020
_tratamento               intcode      000008
_valorRes                 dataCOMRAM   00002A
_x                        nvCOMRAM     00002C
btemp                     temp         00002E
end_of_initialization     cinit        000286
i2UART_Read@retorno       cstackCOMRAM 000001
i2_UART_Read              text7        0002AE
int$flags                 temp         00002E
int_func                  intcode_body 0002CC
intlevel0                 text         000000
intlevel1                 text         000000
intlevel2                 text         000000
intlevel3                 text         000000
stackhi                   (abs)        0005FF
stacklo                   (abs)        000080
start                     init         00000E
start_initialization      cinit        000266
ttemp5                    temp         00002F
ttemp6                    temp         000032
ttemp7                    temp         000036
wtemp8                    temp         00002F


FUNCTION INFORMATION:

 *************** function _main *****************
 Defined at:
		line 132 in file "comunicacao.c"
 Parameters:    Size  Location     Type
		None
 Auto vars:     Size  Location     Type
		None
 Return value:  Size  Location     Type
                  1    wreg      void 
 Registers used:
		wreg, fsr2l, fsr2h, status,2, status,0, cstack
 Tracked objects:
		On entry : 
		On exit  : 
		Unchanged: 
 Data sizes:     COMRAM   BANK0   BANK1   BANK2   BANK3   BANK4   BANK5
      Params:         0       0       0       0       0       0       0
      Locals:         0       0       0       0       0       0       0
      Temps:          2       0       0       0       0       0       0
      Totals:         2       0       0       0       0       0       0
Total ram usage:        2 bytes
 Hardware stack levels required when called:    5
 This function calls:
		_UART_Data_Ready
		_UART_Read
		_configuracao
 This function is called by:
		Startup code after reset
 This function uses a non-reentrant model


 *************** function _configuracao *****************
 Defined at:
		line 91 in file "comunicacao.c"
 Parameters:    Size  Location     Type
		None
 Auto vars:     Size  Location     Type
		None
 Return value:  Size  Location     Type
                  1    wreg      void 
 Registers used:
		wreg, status,2, status,0, cstack
 Tracked objects:
		On entry : 
		On exit  : 
		Unchanged: 
 Data sizes:     COMRAM   BANK0   BANK1   BANK2   BANK3   BANK4   BANK5
      Params:         0       0       0       0       0       0       0
      Locals:         0       0       0       0       0       0       0
      Temps:          0       0       0       0       0       0       0
      Totals:         0       0       0       0       0       0       0
Total ram usage:        0 bytes
 Hardware stack levels used:    1
 Hardware stack levels required when called:    4
 This function calls:
		_UART_Init
 This function is called by:
		_main
 This function uses a non-reentrant model


 *************** function _UART_Init *****************
 Defined at:
		line 28 in file "comunicacao.c"
 Parameters:    Size  Location     Type
  baudrate        4   17[COMRAM] const long 
 Auto vars:     Size  Location     Type
		None
 Return value:  Size  Location     Type
                  1    wreg      unsigned char 
 Registers used:
		wreg, status,2, status,0, cstack
 Tracked objects:
		On entry : 
		On exit  : 
		Unchanged: 
 Data sizes:     COMRAM   BANK0   BANK1   BANK2   BANK3   BANK4   BANK5
      Params:         4       0       0       0       0       0       0
      Locals:         0       0       0       0       0       0       0
      Temps:          8       0       0       0       0       0       0
      Totals:        12       0       0       0       0       0       0
Total ram usage:       12 bytes
 Hardware stack levels used:    1
 Hardware stack levels required when called:    3
 This function calls:
		___aldiv
 This function is called by:
		_configuracao
 This function uses a non-reentrant model


 *************** function ___aldiv *****************
 Defined at:
		line 7 in file "C:\Program Files (x86)\Microchip\xc8\v2.05\pic\sources\c99\common\aldiv.c"
 Parameters:    Size  Location     Type
  dividend        4    3[COMRAM] long 
  divisor         4    7[COMRAM] long 
 Auto vars:     Size  Location     Type
  quotient        4   13[COMRAM] long 
  sign            1   12[COMRAM] unsigned char 
  counter         1   11[COMRAM] unsigned char 
 Return value:  Size  Location     Type
                  4    3[COMRAM] long 
 Registers used:
		wreg, status,2, status,0
 Tracked objects:
		On entry : 
		On exit  : 
		Unchanged: 
 Data sizes:     COMRAM   BANK0   BANK1   BANK2   BANK3   BANK4   BANK5
      Params:         8       0       0       0       0       0       0
      Locals:         6       0       0       0       0       0       0
      Temps:          0       0       0       0       0       0       0
      Totals:        14       0       0       0       0       0       0
Total ram usage:       14 bytes
 Hardware stack levels used:    1
 Hardware stack levels required when called:    2
 This function calls:
		Nothing
 This function is called by:
		_UART_Init
 This function uses a non-reentrant model


 *************** function _UART_Read *****************
 Defined at:
		line 56 in file "comunicacao.c"
 Parameters:    Size  Location     Type
		None
 Auto vars:     Size  Location     Type
  retorno         2    3[COMRAM] int 
 Return value:  Size  Location     Type
                  1    wreg      unsigned char 
 Registers used:
		wreg, status,2, status,0
 Tracked objects:
		On entry : 
		On exit  : 
		Unchanged: 
 Data sizes:     COMRAM   BANK0   BANK1   BANK2   BANK3   BANK4   BANK5
      Params:         0       0       0       0       0       0       0
      Locals:         2       0       0       0       0       0       0
      Temps:          0       0       0       0       0       0       0
      Totals:         2       0       0       0       0       0       0
Total ram usage:        2 bytes
 Hardware stack levels used:    1
 Hardware stack levels required when called:    2
 This function calls:
		Nothing
 This function is called by:
		_main
 This function uses a non-reentrant model


 *************** function _UART_Data_Ready *****************
 Defined at:
		line 51 in file "comunicacao.c"
 Parameters:    Size  Location     Type
		None
 Auto vars:     Size  Location     Type
		None
 Return value:  Size  Location     Type
                  1    wreg      unsigned char 
 Registers used:
		wreg
 Tracked objects:
		On entry : 
		On exit  : 
		Unchanged: 
 Data sizes:     COMRAM   BANK0   BANK1   BANK2   BANK3   BANK4   BANK5
      Params:         0       0       0       0       0       0       0
      Locals:         0       0       0       0       0       0       0
      Temps:          0       0       0       0       0       0       0
      Totals:         0       0       0       0       0       0       0
Total ram usage:        0 bytes
 Hardware stack levels used:    1
 Hardware stack levels required when called:    2
 This function calls:
		Nothing
 This function is called by:
		_main
 This function uses a non-reentrant model


 *************** function _tratamento *****************
 Defined at:
		line 70 in file "comunicacao.c"
 Parameters:    Size  Location     Type
		None
 Auto vars:     Size  Location     Type
		None
 Return value:  Size  Location     Type
                  1    wreg      void 
 Registers used:
		wreg, status,2, status,0, cstack
 Tracked objects:
		On entry : 
		On exit  : 
		Unchanged: 
 Data sizes:     COMRAM   BANK0   BANK1   BANK2   BANK3   BANK4   BANK5
      Params:         0       0       0       0       0       0       0
      Locals:         0       0       0       0       0       0       0
      Temps:          1       0       0       0       0       0       0
      Totals:         1       0       0       0       0       0       0
Total ram usage:        1 bytes
 Hardware stack levels used:    1
 Hardware stack levels required when called:    1
 This function calls:
		i2_UART_Read
 This function is called by:
		Interrupt level 2
 This function uses a non-reentrant model


 *************** function i2_UART_Read *****************
 Defined at:
		line 56 in file "comunicacao.c"
 Parameters:    Size  Location     Type
		None
 Auto vars:     Size  Location     Type
  UART_Read       2    0[COMRAM] int 
 Return value:  Size  Location     Type
                  1    wreg      unsigned char 
 Registers used:
		wreg, status,2, status,0
 Tracked objects:
		On entry : 
		On exit  : 
		Unchanged: 
 Data sizes:     COMRAM   BANK0   BANK1   BANK2   BANK3   BANK4   BANK5
      Params:         0       0       0       0       0       0       0
      Locals:         2       0       0       0       0       0       0
      Temps:          0       0       0       0       0       0       0
      Totals:         2       0       0       0       0       0       0
Total ram usage:        2 bytes
 Hardware stack levels used:    1
 This function calls:
		Nothing
 This function is called by:
		_tratamento
 This function uses a non-reentrant model



MODULE INFORMATION

Module		Function		Class		Link	Load	Size
C:\Program Files (x86)\Microchip\xc8\v2.05\pic\sources\c99\common\aldiv.c
		___aldiv       		CODE           	011A	0000	205

C:\Program Files (x86)\Microchip\xc8\v2.05\pic\sources\c99\common\aldiv.c estimated size: 205

shared
		i2_UART_Read   		CODE           	02AE	0000	31
		__initialization		CODE           	0266	0000	33

shared estimated size: 64

comunicacao.c
		_configuracao  		CODE           	0234	0000	51
		_UART_Read     		CODE           	0290	0000	31
		_UART_Data_Ready		CODE           	02F2	0000	9
		_UART_Init     		CODE           	0012	0000	265
		_main          		CODE           	01E6	0000	79
		_tratamento    		CODE           	0008	0000	33

comunicacao.c estimated size: 468

